x,numberOfDs
0.0,4
1.0,5
2.0,3
3.0,3
4.0,4
5.0,3
6.0,3
7.0,4
8.0,4
9.0,3
