x,en,aliased_y
0.0,value1,
1.0,value1,2.0
2.0,value1,3.0
3.0,value1,4.0
4.0,value1,5.0
5.0,value2,15.0
6.0,value2,16.0
7.0,value2,17.0
8.0,value3,108.0
9.0,value3,109.0
