x,en,twiceX
0.0,value1,0.0
1.0,value1,2.0
2.0,value1,4.0
3.0,value1,6.0
4.0,value1,8.0
5.0,value2,10.0
6.0,value2,12.0
7.0,value2,14.0
8.0,value3,16.0
9.0,value3,18.0
