x,x_plus_1,x_plus_2,x_plus_3,x_plus_4,x_plus_5
0.0,1.0,2.0,3.0,4.0,5.0
1.0,2.0,3.0,4.0,5.0,6.0
2.0,3.0,4.0,5.0,6.0,7.0
3.0,4.0,5.0,6.0,7.0,8.0
4.0,5.0,6.0,7.0,8.0,9.0
5.0,6.0,7.0,8.0,9.0,10.0
6.0,7.0,8.0,9.0,10.0,11.0
7.0,8.0,9.0,10.0,11.0,12.0
8.0,9.0,10.0,11.0,12.0,13.0
9.0,10.0,11.0,12.0,13.0,14.0
