times_2,times_3,times_4,times_5
,,,
,,,
,,,
,,,
,,,
,,,
,,,
,,,
,,,
,,,
