x,twiceX,twiceXtimes1,twiceXtimes2,twiceXtimes3
0.0,0.0,0.0,0.0,0.0
1.0,2.0,2.0,4.0,6.0
2.0,4.0,4.0,8.0,12.0
3.0,6.0,6.0,12.0,18.0
4.0,8.0,8.0,16.0,24.0
5.0,10.0,10.0,20.0,30.0
6.0,12.0,12.0,24.0,36.0
7.0,14.0,14.0,28.0,42.0
8.0,16.0,16.0,32.0,48.0
9.0,18.0,18.0,36.0,54.0
