aliased_x,en
0.0,value1
1.0,value1
2.0,value1
3.0,value1
4.0,value1
5.0,value2
6.0,value2
7.0,value2
8.0,value3
9.0,value3
