x,x_normalized,b_y_fill_null,b_y_fill_0,b_y_fill_mean,b_y_fill_mode
0.0,0.0,,0,31.0,2.0
1.0,0.1111111111111111,2.0,2.0,2.0,2.0
2.0,0.2222222222222222,3.0,3.0,3.0,3.0
3.0,0.3333333333333333,4.0,4.0,4.0,4.0
4.0,0.4444444444444444,5.0,5.0,5.0,5.0
5.0,0.5555555555555556,15.0,15.0,15.0,15.0
6.0,0.6666666666666666,16.0,16.0,16.0,16.0
7.0,0.7777777777777778,17.0,17.0,17.0,17.0
8.0,0.8888888888888888,108.0,108.0,108.0,108.0
9.0,1.0,109.0,109.0,109.0,109.0
